C:\Users\Jose Briz\Desktop>md gitHubRepoAssignment

C:\Users\Jose Briz\Desktop>cd gitHubRepoAssignment

C:\Users\Jose Briz\Desktop\gitHubRepoAssignment>git init
Initialized empty Git repository in C:/Users/Jose Briz/Desktop/gitHubRepoAssignment/.git/

C:\Users\Jose Briz\Desktop\gitHubRepoAssignment>dir
 Volume in drive C has no label.
 Volume Serial Number is FC2E-60BC

 Directory of C:\Users\Jose Briz\Desktop\gitHubRepoAssignment

06/08/2018  09:19 AM    <DIR>          .
06/08/2018  09:19 AM    <DIR>          ..
               0 File(s)              0 bytes
               2 Dir(s)  144,337,915,904 bytes free

C:\Users\Jose Briz\Desktop\gitHubRepoAssignment>copy NUL readme.txt
        1 file(s) copied.

C:\Users\Jose Briz\Desktop\gitHubRepoAssignment>start readme.txt

C:\Users\Jose Briz\Desktop\gitHubRepoAssignment>git add .

C:\Users\Jose Briz\Desktop\gitHubRepoAssignment>git status
On branch master

No commits yet

Changes to be committed:
  (use "git rm --cached <file>..." to unstage)

        new file:   readme.txt


C:\Users\Jose Briz\Desktop\gitHubRepoAssignment>git commit -m "initialize git with a readme.txt file"
[master (root-commit) 7910620] initialize git with a readme.txt file
 1 file changed, 7 insertions(+)
 create mode 100644 readme.txt

C:\Users\Jose Briz\Desktop\gitHubRepoAssignment>git remote add origin https://github.com/brizjose/gitHubRepoAssignment.git

C:\Users\Jose Briz\Desktop\gitHubRepoAssignment>git push -u origin master
Counting objects: 3, done.
Delta compression using up to 4 threads.
Compressing objects: 100% (2/2), done.
Writing objects: 100% (3/3), 391 bytes | 391.00 KiB/s, done.
Total 3 (delta 0), reused 0 (delta 0)
To https://github.com/brizjose/gitHubRepoAssignment.git
 * [new branch]      master -> master
Branch 'master' set up to track remote branch 'master' from 'origin'.

C:\Users\Jose Briz\Desktop\gitHubRepoAssignment>